Testing ap_shannon.cfg.